
> frontend@0.0.0 test
> ng test --watch=false --browsers=ChromeHeadless

npm : - Generating browser application bundles (phase: setup)...
Au caractère Ligne:1 : 1
+ npm test -- --watch=false --browsers=ChromeHeadless > test-results.tx ...
+ ~~~~~~~~~~~~~~~~~~~~~~~~~~~~~~~~~~~~~~~~~~~~~~~~~~~~~~~~~~~~~~~~~~~~~
    + CategoryInfo          : NotSpecified: (- Generating br...hase: setup)...:String) [], RemoteException
    + FullyQualifiedErrorId : NativeCommandError
 
ÔêÜ Browser application bundle generation complete.
02 01 2026 01:50:29.300:INFO [karma-server]: Karma v6.4.4 server started at http://localhost:9876/
02 01 2026 01:50:29.306:INFO [launcher]: Launching browsers ChromeHeadless with concurrency unlimited
02 01 2026 01:50:29.330:INFO [launcher]: Starting browser ChromeHeadless
02 01 2026 01:50:31.445:INFO [Chrome Headless 143.0.0.0 (Windows 10)]: Connected on socket Xazpja36cCG36j3KAAAB with id 33408557
Chrome Headless 143.0.0.0 (Windows 10): Executed 0 of 50[32m SUCCESS[39m (0 secs / 0 secs)
[1A[2KChrome Headless 143.0.0.0 (Windows 10): Executed 1 of 50[32m SUCCESS[39m (0 secs / 0.049 secs)
[1A[2KChrome Headless 143.0.0.0 (Windows 10): Executed 2 of 50[32m SUCCESS[39m (0 secs / 0.055 secs)
[1A[2KChrome Headless 143.0.0.0 (Windows 10): Executed 3 of 50[32m SUCCESS[39m (0 secs / 0.059 secs)
[1A[2KChrome Headless 143.0.0.0 (Windows 10): Executed 4 of 50[32m SUCCESS[39m (0 secs / 0.064 secs)
[1A[2KChrome Headless 143.0.0.0 (Windows 10): Executed 5 of 50[32m SUCCESS[39m (0 secs / 0.068 secs)
[1A[2KChrome Headless 143.0.0.0 (Windows 10): Executed 6 of 50[32m SUCCESS[39m (0 secs / 0.07 secs)
[1A[2KChrome Headless 143.0.0.0 (Windows 10): Executed 7 of 50[32m SUCCESS[39m (0 secs / 0.124 secs)
[1A[2KChrome Headless 143.0.0.0 (Windows 10): Executed 8 of 50[32m SUCCESS[39m (0 secs / 0.13 secs)
[1A[2KChrome Headless 143.0.0.0 (Windows 10): Executed 9 of 50[32m SUCCESS[39m (0 secs / 0.133 secs)
[1A[2KChrome Headless 143.0.0.0 (Windows 10): Executed 10 of 50[32m SUCCESS[39m (0 secs / 0.154 secs)
[1A[2KChrome Headless 143.0.0.0 (Windows 10): Executed 11 of 50[32m SUCCESS[39m (0 secs / 0.16 secs)
[1A[2K[31mChrome Headless 143.0.0.0 (Windows 10) DossierCreateComponent should create FAILED[39m
	NullInjectorError: R3InjectorError(DynamicTestModule)[DossierApiService -> HttpClient -> HttpClient]: 
	  NullInjectorError: No provider for HttpClient!
	error properties: Object({ ngTempTokenPath: null, ngTokenPath: [ 'DossierApiService', 'HttpClient', 'HttpClient' ] })
	    at NullInjector.get (node_modules/@angular/core/fesm2022/core.mjs:8890:27)
	    at R3Injector.get (node_modules/@angular/core/fesm2022/core.mjs:9334:33)
	    at R3Injector.get (node_modules/@angular/core/fesm2022/core.mjs:9334:33)
	    at injectInjectorOnly (node_modules/@angular/core/fesm2022/core.mjs:842:40)
	    at ╔Á╔Áinject (node_modules/@angular/core/fesm2022/core.mjs:848:60)
	    at Object.factory (ng:///DossierApiService/╔Áfac.js:4:45)
	    at callback (node_modules/@angular/core/fesm2022/core.mjs:9454:43)
	    at runInInjectorProfilerContext (node_modules/@angular/core/fesm2022/core.mjs:798:9)
	    at R3Injector.hydrate (node_modules/@angular/core/fesm2022/core.mjs:9453:17)
	    at R3Injector.get (node_modules/@angular/core/fesm2022/core.mjs:9323:33)
Chrome Headless 143.0.0.0 (Windows 10): Executed 12 of 50[31m (1 FAILED)[39m (0 secs / 0.179 secs)
[1A[2KChrome Headless 143.0.0.0 (Windows 10): Executed 13 of 50[31m (1 FAILED)[39m (0 secs / 0.182 secs)
[1A[2KChrome Headless 143.0.0.0 (Windows 10): Executed 14 of 50[31m (1 FAILED)[39m (0 secs / 0.184 secs)
[1A[2KChrome Headless 143.0.0.0 (Windows 10): Executed 15 of 50[31m (1 FAILED)[39m (0 secs / 0.186 secs)
[1A[2KChrome Headless 143.0.0.0 (Windows 10): Executed 16 of 50[31m (1 FAILED)[39m (0 secs / 0.188 secs)
[1A[2KChrome Headless 143.0.0.0 (Windows 10): Executed 17 of 50[31m (1 FAILED)[39m (0 secs / 0.19 secs)
[1A[2KChrome Headless 143.0.0.0 (Windows 10): Executed 18 of 50[31m (1 FAILED)[39m (0 secs / 0.192 secs)
[1A[2K[31mChrome Headless 143.0.0.0 (Windows 10) AnnonceCreateComponent should create FAILED[39m
	Error: NG0304: 'mat-stepper' is not a known element (used in the 'AnnonceCreateComponent' component template):
	1. If 'mat-stepper' is an Angular component, then verify that it is a part of an @NgModule where this component is declared.
	2. If 'mat-stepper' is a Web Component then add 'CUSTOM_ELEMENTS_SCHEMA' to the '@NgModule.schemas' of this component to suppress this message.
	error properties: Object({ code: 304 })
	    at validateElementIsKnown (node_modules/@angular/core/fesm2022/core.mjs:6212:23)
	    at ╔Á╔ÁelementStart (node_modules/@angular/core/fesm2022/core.mjs:16319:9)
	    at templateFn (ng:///AnnonceCreateComponent.js:222:5)
	    at executeTemplate (node_modules/@angular/core/fesm2022/core.mjs:12003:13)
	    at renderView (node_modules/@angular/core/fesm2022/core.mjs:13201:13)
	    at createAndRenderEmbeddedLView (node_modules/@angular/core/fesm2022/core.mjs:23978:5)
	    at TemplateRef.createEmbeddedViewImpl (node_modules/@angular/core/fesm2022/core.mjs:24064:31)
	    at ViewContainerRef.createEmbeddedView (node_modules/@angular/core/fesm2022/core.mjs:24372:37)
	    at NgIf._updateView (node_modules/@angular/common/fesm2022/common.mjs:3376:45)
	    at NgIf.set ngIf [as ngIf] (node_modules/@angular/common/fesm2022/common.mjs:3349:14)
Chrome Headless 143.0.0.0 (Windows 10): Executed 19 of 50[31m (2 FAILED)[39m (0 secs / 0.222 secs)
[1A[2KChrome Headless 143.0.0.0 (Windows 10): Executed 20 of 50[31m (2 FAILED)[39m (0 secs / 0.233 secs)
[1A[2KChrome Headless 143.0.0.0 (Windows 10): Executed 21 of 50[31m (2 FAILED)[39m (0 secs / 0.236 secs)
[1A[2KERROR: [36m'Error loading annonce:', Object{status: 404}[39m
Chrome Headless 143.0.0.0 (Windows 10): Executed 21 of 50[31m (2 FAILED)[39m (0 secs / 0.236 secs)
ERROR: 'Error loading annonce:', Object{status: 404}
[1A[2KChrome Headless 143.0.0.0 (Windows 10): Executed 22 of 50[31m (2 FAILED)[39m (0 secs / 0.239 secs)
[1A[2KChrome Headless 143.0.0.0 (Windows 10): Executed 23 of 50[31m (2 FAILED)[39m (0 secs / 0.243 secs)
[1A[2KChrome Headless 143.0.0.0 (Windows 10): Executed 24 of 50[31m (2 FAILED)[39m (0 secs / 0.246 secs)
[1A[2KChrome Headless 143.0.0.0 (Windows 10): Executed 25 of 50[31m (2 FAILED)[39m (0 secs / 0.248 secs)
[1A[2KChrome Headless 143.0.0.0 (Windows 10): Executed 26 of 50[31m (2 FAILED)[39m (0 secs / 0.251 secs)
[1A[2KERROR: [36m'Error loading annonce:', Object{status: 500}[39m
Chrome Headless 143.0.0.0 (Windows 10): Executed 26 of 50[31m (2 FAILED)[39m (0 secs / 0.251 secs)
ERROR: 'Error loading annonce:', Object{status: 500}
[1A[2KChrome Headless 143.0.0.0 (Windows 10): Executed 27 of 50[31m (2 FAILED)[39m (0 secs / 0.254 secs)
[1A[2KChrome Headless 143.0.0.0 (Windows 10): Executed 28 of 50[31m (2 FAILED)[39m (0 secs / 0.273 secs)
[1A[2KChrome Headless 143.0.0.0 (Windows 10): Executed 29 of 50[31m (2 FAILED)[39m (0 secs / 0.28 secs)
[1A[2K[31mChrome Headless 143.0.0.0 (Windows 10) DossiersComponent should call service on init FAILED[39m
	Error: NG0304: 'app-generic-table' is not a known element (used in the 'DossiersComponent' component template):
	1. If 'app-generic-table' is an Angular component, then verify that it is a part of an @NgModule where this component is declared.
	2. If 'app-generic-table' is a Web Component then add 'CUSTOM_ELEMENTS_SCHEMA' to the '@NgModule.schemas' of this component to suppress this message.
	error properties: Object({ code: 304 })
	    at validateElementIsKnown (node_modules/@angular/core/fesm2022/core.mjs:6212:23)
	    at ╔Á╔ÁelementStart (node_modules/@angular/core/fesm2022/core.mjs:16319:9)
	    at templateFn (ng:///DossiersComponent.js:113:34)
	    at executeTemplate (node_modules/@angular/core/fesm2022/core.mjs:12003:13)
	    at renderView (node_modules/@angular/core/fesm2022/core.mjs:13201:13)
	    at createAndRenderEmbeddedLView (node_modules/@angular/core/fesm2022/core.mjs:23978:5)
	    at TemplateRef.createEmbeddedViewImpl (node_modules/@angular/core/fesm2022/core.mjs:24064:31)
	    at ViewContainerRef.createEmbeddedView (node_modules/@angular/core/fesm2022/core.mjs:24372:37)
	    at NgIf._updateView (node_modules/@angular/common/fesm2022/common.mjs:3376:45)
	    at NgIf.set ngIf [as ngIf] (node_modules/@angular/common/fesm2022/common.mjs:3349:14)
Chrome Headless 143.0.0.0 (Windows 10): Executed 30 of 50[31m (3 FAILED)[39m (0 secs / 0.288 secs)
[1A[2KChrome Headless 143.0.0.0 (Windows 10): Executed 31 of 50[31m (3 FAILED)[39m (0 secs / 0.409 secs)
[1A[2KChrome Headless 143.0.0.0 (Windows 10): Executed 32 of 50[31m (3 FAILED)[39m (0 secs / 0.441 secs)
[1A[2KChrome Headless 143.0.0.0 (Windows 10): Executed 33 of 50[31m (3 FAILED)[39m (0 secs / 0.468 secs)
[1A[2KChrome Headless 143.0.0.0 (Windows 10): Executed 34 of 50[31m (3 FAILED)[39m (0 secs / 0.507 secs)
[1A[2KChrome Headless 143.0.0.0 (Windows 10): Executed 35 of 50[31m (3 FAILED)[39m (0 secs / 0.531 secs)
[1A[2KChrome Headless 143.0.0.0 (Windows 10): Executed 36 of 50[31m (3 FAILED)[39m (0 secs / 0.551 secs)
[1A[2KChrome Headless 143.0.0.0 (Windows 10): Executed 37 of 50[31m (3 FAILED)[39m (0 secs / 0.569 secs)
[1A[2KChrome Headless 143.0.0.0 (Windows 10): Executed 38 of 50[31m (3 FAILED)[39m (0 secs / 0.588 secs)
[1A[2KChrome Headless 143.0.0.0 (Windows 10): Executed 39 of 50[31m (3 FAILED)[39m (0 secs / 0.605 secs)
[1A[2KChrome Headless 143.0.0.0 (Windows 10): Executed 40 of 50[31m (3 FAILED)[39m (0 secs / 0.624 secs)
[1A[2K[31mChrome Headless 143.0.0.0 (Windows 10) AnnoncesComponent should call service on init FAILED[39m
	Error: NG0304: 'app-generic-table' is not a known element (used in the 'AnnoncesComponent' component template):
	1. If 'app-generic-table' is an Angular component, then verify that it is a part of an @NgModule where this component is declared.
	2. If 'app-generic-table' is a Web Component then add 'CUSTOM_ELEMENTS_SCHEMA' to the '@NgModule.schemas' of this component to suppress this message.
	error properties: Object({ code: 304 })
	    at validateElementIsKnown (node_modules/@angular/core/fesm2022/core.mjs:6212:23)
	    at ╔Á╔ÁelementStart (node_modules/@angular/core/fesm2022/core.mjs:16319:9)
	    at templateFn (ng:///AnnoncesComponent.js:113:34)
	    at executeTemplate (node_modules/@angular/core/fesm2022/core.mjs:12003:13)
	    at renderView (node_modules/@angular/core/fesm2022/core.mjs:13201:13)
	    at createAndRenderEmbeddedLView (node_modules/@angular/core/fesm2022/core.mjs:23978:5)
	    at TemplateRef.createEmbeddedViewImpl (node_modules/@angular/core/fesm2022/core.mjs:24064:31)
	    at ViewContainerRef.createEmbeddedView (node_modules/@angular/core/fesm2022/core.mjs:24372:37)
	    at NgIf._updateView (node_modules/@angular/common/fesm2022/common.mjs:3376:45)
	    at NgIf.set ngIf [as ngIf] (node_modules/@angular/common/fesm2022/common.mjs:3349:14)
Chrome Headless 143.0.0.0 (Windows 10): Executed 41 of 50[31m (4 FAILED)[39m (0 secs / 0.641 secs)
[1A[2KChrome Headless 143.0.0.0 (Windows 10): Executed 42 of 50[31m (4 FAILED)[39m (0 secs / 0.646 secs)
[1A[2KChrome Headless 143.0.0.0 (Windows 10): Executed 43 of 50[31m (4 FAILED)[39m (0 secs / 0.652 secs)
[1A[2KChrome Headless 143.0.0.0 (Windows 10): Executed 44 of 50[31m (4 FAILED)[39m (0 secs / 0.669 secs)
[1A[2KChrome Headless 143.0.0.0 (Windows 10): Executed 45 of 50[31m (4 FAILED)[39m (0 secs / 0.673 secs)
[1A[2KChrome Headless 143.0.0.0 (Windows 10): Executed 46 of 50[31m (4 FAILED)[39m (0 secs / 0.675 secs)
[1A[2KERROR: [36m'Error loading dossier:', Object{status: 404}[39m
Chrome Headless 143.0.0.0 (Windows 10): Executed 46 of 50[31m (4 FAILED)[39m (0 secs / 0.675 secs)
ERROR: 'Error loading dossier:', Object{status: 404}
[1A[2KChrome Headless 143.0.0.0 (Windows 10): Executed 47 of 50[31m (4 FAILED)[39m (0 secs / 0.678 secs)
[1A[2KChrome Headless 143.0.0.0 (Windows 10): Executed 48 of 50[31m (4 FAILED)[39m (0 secs / 0.681 secs)
[1A[2KERROR: [36m'Error updating status:', Error: Update failed
Error: Update failed
    at errorFactory (http://localhost:9876/_karma_webpack_/webpack:/src/app/pages/dossiers/dossier-detail.component.spec.ts:109:72)
    at Observable._subscribe (http://localhost:9876/_karma_webpack_/webpack:/node_modules/rxjs/dist/esm/internal/observable/throwError.js:5:51)
    at Observable._trySubscribe (http://localhost:9876/_karma_webpack_/webpack:/node_modules/rxjs/dist/esm/internal/Observable.js:37:25)
    at cb (http://localhost:9876/_karma_webpack_/webpack:/node_modules/rxjs/dist/esm/internal/Observable.js:31:30)
    at errorContext (http://localhost:9876/_karma_webpack_/webpack:/node_modules/rxjs/dist/esm/internal/util/errorContext.js:19:9)
    at Observable.subscribe (http://localhost:9876/_karma_webpack_/webpack:/node_modules/rxjs/dist/esm/internal/Observable.js:22:21)
    at DossierDetailComponent.updateStatus (http://localhost:9876/_karma_webpack_/webpack:/src/app/pages/dossiers/dossier-detail.component.ts:87:78)
    at UserContext.apply (http://localhost:9876/_karma_webpack_/webpack:/src/app/pages/dossiers/dossier-detail.component.spec.ts:111:15)
    at _ZoneDelegate.invoke (http://localhost:9876/_karma_webpack_/webpack:/node_modules/zone.js/fesm2015/zone.js:368:26)
    at ProxyZoneSpec.onInvoke (http://localhost:9876/_karma_webpack_/webpack:/node_modules/zone.js/fesm2015/zone-testing.js:273:39)[39m
Chrome Headless 143.0.0.0 (Windows 10): Executed 48 of 50[31m (4 FAILED)[39m (0 secs / 0.681 secs)
ERROR: 'Error updating status:', Error: Update failed
Error: Update failed
    at errorFactory (http://localhost:9876/_karma_webpack_/webpack:/src/app/pages/dossiers/dossier-detail.component.spec.ts:109:72)
    at Observable._subscribe (http://localhost:9876/_karma_webpack_/webpack:/node_modules/rxjs/dist/esm/internal/observable/throwError.js:5:51)
    at Observable._trySubscribe (http://localhost:9876/_karma_webpack_/webpack:/node_modules/rxjs/dist/esm/internal/Observable.js:37:25)
    at cb (http://localhost:9876/_karma_webpack_/webpack:/node_modules/rxjs/dist/esm/internal/Observable.js:31:30)
    at errorContext (http://localhost:9876/_karma_webpack_/webpack:/node_modules/rxjs/dist/esm/internal/util/errorContext.js:19:9)
    at Observable.subscribe (http://localhost:9876/_karma_webpack_/webpack:/node_modules/rxjs/dist/esm/internal/Observable.js:22:21)
    at DossierDetailComponent.updateStatus (http://localhost:9876/_karma_webpack_/webpack:/src/app/pages/dossiers/dossier-detail.component.ts:87:78)
    at UserContext.apply (http://localhost:9876/_karma_webpack_/webpack:/src/app/pages/dossiers/dossier-detail.component.spec.ts:111:15)
    at _ZoneDelegate.invoke (http://localhost:9876/_karma_webpack_/webpack:/node_modules/zone.js/fesm2015/zone.js:368:26)
    at ProxyZoneSpec.onInvoke (http://localhost:9876/_karma_webpack_/webpack:/node_modules/zone.js/fesm2015/zone-testing.js:273:39)
[1A[2KChrome Headless 143.0.0.0 (Windows 10): Executed 49 of 50[31m (4 FAILED)[39m (0 secs / 0.684 secs)
[1A[2KChrome Headless 143.0.0.0 (Windows 10): Executed 50 of 50[31m (4 FAILED)[39m (0 secs / 0.686 secs)
[1A[2KChrome Headless 143.0.0.0 (Windows 10): Executed 50 of 50[31m (4 FAILED)[39m (0.76 secs / 0.686 secs)
[31mTOTAL: 4 FAILED, 46 SUCCESS[39m
ÔêÜ Browser application bundle generation complete.
ÔêÜ Browser application bundle generation complete.
