
> frontend@0.0.0 test
> ng test --watch=false --browsers=ChromeHeadless

npm : - Generating browser application bundles (phase: setup)...
Au caractère Ligne:1 : 1
+ npm test -- --watch=false --browsers=ChromeHeadless > test_output.txt ...
+ ~~~~~~~~~~~~~~~~~~~~~~~~~~~~~~~~~~~~~~~~~~~~~~~~~~~~~~~~~~~~~~~~~~~~~
    + CategoryInfo          : NotSpecified: (- Generating br...hase: setup)...:String) [], RemoteException
    + FullyQualifiedErrorId : NativeCommandError
 
ÔêÜ Browser application bundle generation complete.
01 01 2026 00:28:12.523:INFO [karma-server]: Karma v6.4.4 server started at http://localhost:9876/
01 01 2026 00:28:12.530:INFO [launcher]: Launching browsers ChromeHeadless with concurrency unlimited
01 01 2026 00:28:12.548:INFO [launcher]: Starting browser ChromeHeadless
01 01 2026 00:28:15.536:INFO [Chrome Headless 143.0.0.0 (Windows 10)]: Connected on socket Ic4hIY4pBZ2rtOwAAAAB with id 9727547
Chrome Headless 143.0.0.0 (Windows 10): Executed 0 of 7[32m SUCCESS[39m (0 secs / 0 secs)
[1A[2K[31mChrome Headless 143.0.0.0 (Windows 10) DashboardComponent should create FAILED[39m
	NullInjectorError: R3InjectorError(DynamicTestModule)[PingService -> HttpClient -> HttpClient]: 
	  NullInjectorError: No provider for HttpClient!
	error properties: Object({ ngTempTokenPath: null, ngTokenPath: [ 'PingService', 'HttpClient', 'HttpClient' ] })
	    at NullInjector.get (node_modules/@angular/core/fesm2022/core.mjs:8890:27)
	    at R3Injector.get (node_modules/@angular/core/fesm2022/core.mjs:9334:33)
	    at R3Injector.get (node_modules/@angular/core/fesm2022/core.mjs:9334:33)
	    at injectInjectorOnly (node_modules/@angular/core/fesm2022/core.mjs:842:40)
	    at ╔Á╔Áinject (node_modules/@angular/core/fesm2022/core.mjs:848:60)
	    at Object.factory (ng:///PingService/╔Áfac.js:4:39)
	    at callback (node_modules/@angular/core/fesm2022/core.mjs:9454:43)
	    at runInInjectorProfilerContext (node_modules/@angular/core/fesm2022/core.mjs:798:9)
	    at R3Injector.hydrate (node_modules/@angular/core/fesm2022/core.mjs:9453:17)
	    at R3Injector.get (node_modules/@angular/core/fesm2022/core.mjs:9323:33)
Chrome Headless 143.0.0.0 (Windows 10): Executed 1 of 7[31m (1 FAILED)[39m (0 secs / 0.086 secs)
[1A[2KChrome Headless 143.0.0.0 (Windows 10): Executed 2 of 7[31m (1 FAILED)[39m (0 secs / 0.1 secs)
[1A[2KChrome Headless 143.0.0.0 (Windows 10): Executed 3 of 7[31m (1 FAILED)[39m (0 secs / 0.134 secs)
[1A[2KChrome Headless 143.0.0.0 (Windows 10): Executed 4 of 7[31m (1 FAILED)[39m (0 secs / 0.142 secs)
[1A[2KChrome Headless 143.0.0.0 (Windows 10): Executed 5 of 7[31m (1 FAILED)[39m (0 secs / 0.147 secs)
[1A[2KChrome Headless 143.0.0.0 (Windows 10): Executed 6 of 7[31m (1 FAILED)[39m (0 secs / 0.154 secs)
[1A[2KChrome Headless 143.0.0.0 (Windows 10): Executed 7 of 7[31m (1 FAILED)[39m (0 secs / 0.157 secs)
[1A[2KChrome Headless 143.0.0.0 (Windows 10): Executed 7 of 7[31m (1 FAILED)[39m (0.183 secs / 0.157 secs)
[31mTOTAL: 1 FAILED, 6 SUCCESS[39m
ÔêÜ Browser application bundle generation complete.
01 01 2026 00:28:21.595:WARN [launcher]: ChromeHeadless was not killed in 2000 ms, sending SIGKILL.
ÔêÜ Browser application bundle generation complete.
